#
# A fatal error has been detected by the Java Runtime Environment:
#
#  EXCEPTION_ACCESS_VIOLATION (0xc0000005) at pc=0x00007ffffda56c58, pid=11668, tid=1744
#
# JRE version: Java(TM) SE Runtime Environment (21.0.6+8) (build 21.0.6+8-LTS-188)
# Java VM: Java HotSpot(TM) 64-Bit Server VM (21.0.6+8-LTS-188, mixed mode, sharing, tiered, compressed oops, compressed class ptrs, g1 gc, windows-amd64)
# Problematic frame:
# V  [jvm.dll+0x356c58]
#
# No core dump will be written. Minidumps are not enabled by default on client versions of Windows
#
# If you would like to submit a bug report, please visit:
#   https://bugreport.java.com/bugreport/crash.jsp
#

---------------  S U M M A R Y ------------

Command Line: -Dclassworlds.conf=C:\Program Files\maven\bin\m2.conf -Dmaven.home=C:\Program Files\maven -Dlibrary.jansi.path=C:\Program Files\maven\lib\jansi-native -Dmaven.multiModuleProjectDirectory=C:\Users\pc\Downloads\movie-management org.codehaus.plexus.classworlds.launcher.Launcher spring-boot:run

Host: 11th Gen Intel(R) Core(TM) i3-1115G4 @ 3.00GHz, 4 cores, 23G,  Windows 11 , 64 bit Build 26100 (10.0.26100.3037)
Time: Fri May  9 11:52:54 2025 Paris, Madrid (heure duild 26100 (10.0.26100.3037) elapsed time: 3.693819 seconds (0d 0h 0m 3s)

---------------  T H R E A D  ---------------

Current thread (0x0000023e42cc9740):  WorkerThread "GC Thread#2"    [id=1744, stack(0x000000d8ffb00000,0x000000d8ffc00000) (1024K)]

Stack: [0x000000d8ffb00000,0x000000d8ffc00000],  sp=0x000000d8ffbff720,  free space=1021k
Native frames: (J=compiled Java code, j=interpreted, Vv=VM code, C=native code)
V  [jvm.dll+0x356c58]
V  [jvm.dll+0x35334e]
V  [jvm.dll+0x3639a8]
V  [jvm.dll+0x2210dd]
V  [jvm.dll+0x3532cb]
V  [jvm.dll+0x223218]
V  [jvm.dll+0x3646de]
V  [jvm.dll+0x36451a]
V  [jvm.dll+0x36caa4]
V  [jvm.dll+0x36cc1b]
V  [jvm.dll+0x882ce7]
V  [jvm.dll+0x7ff2fb]
V  [jvm.dll+0x6c8dbd]
C  [ucrtbase.dll+0x37b0]
C  [KERNEL32.DLL+0x2e8d7]
C  [ntdll.dll+0xbbf2c]


siginfo: EXCEPTION_ACCESS_VIOLATION (0xc0000005), reading address 0x0000000000000010


Registers:
RAX=0x0000000000000000, RBX=0x000000069306c454, RCX=0x0000000000000016, RDX=0x0000000000000000
RSP=0x000000d8ffbff720, RBP=0x00000000000000bc, RSI=0x0000023e209bfd60, RDI=0x0000023e888f5870
R8 =0x0000000000000010, R9 =0x000000069306c410, R10=0x0000000000000010, R11=0x0000000000000001
R12=0x0000023e421b99f8, R13=0x00000000000003d8, R14=0x0000000000000040, R15=0x0000000000000000
RIP=0x00007ffffda56c58, EFLAGS=0x0000000000010246


Register to memory mapping:

RAX=0x0 is null
RBX=
[error occurred during error reporting (printing register info), id 0xc0000005, EXCEPTION_ACCESS_VIOLATION (0xc0000005) at pc=0x00007ffffd83d5a1]
RCX=0x0000000000000016 is an unknown value
RDX=0x0 is null
RSP=0x000000d8ffbff720 points into unknown readable memory: 0x0000000000000000 | 00 00 00 00 00 00 00 00
RBP=0x00000000000000bc is an unknown value
RSI=0x0000023e209bfd60 points into unknown readable memory: 0x0000000000000000 | 00 00 00 00 00 00 00 00
RDI=0x0000023e888f5870 points into unknown readable memory: 0x00007ffffe0d8578 | 78 85 0d fe ff 7f 00 00
R8 =0x0000000000000010 is an unknown value
R9 =0x000000069306c410 is an oop: [Ljava.util.concurrent.ConcurrentHashMap$Node; 
{0x000000069306c410} - klass: 'java/util/concurrent/ConcurrentHashMap$Node'[]
 - length: 16
R10=0x0000000000000010 is an unknown value
R11=0x0000000000000001 is an unknown value
R12=0x0000023e421b99f8 points into unknown readable memory: 0x880001005ad593d3 | d3 93 d5 5a 00 01 00 88
R13=0x00000000000003d8 is an unknown value
R14=0x0000000000000040 is an unknown value
R15=0x0 is null

Top of Stack: (sp=0x000000d8ffbff720)
0x000000d8ffbff720:   0000000000000000 0000000000000001
0x000000d8ffbff730:   0000000600000000 0000000000000050
0x000000d8ffbff740:   0000023e42ccac00 0000023e8946efc0
0x000000d8ffbff750:   0000023e884acba8 0000023e8946f0e8
0x000000d8ffbff760:   000000000000000f 00007ffffda5334e
0x000000d8ffbff770:   0000000000000001 0000023e888f5870
0x000000d8ffbff780:   0000023e8946efc0 00000000000003d8
0x000000d8ffbff790:   000000000230bbcf 000000028e8ded7e
0x000000d8ffbff7a0:   0000023e8946f0e8 000000000000000f
0x000000d8ffbff7b0:   0000023e8946f0e8 00007ffffda639a8
0x000000d8ffbff7c0:   000000d8ffbf0000 0000023e89460001
0x000000d8ffbff7d0:   0000023e00000000 0000000000000070
0x000000d8ffbff7e0:   0000023e884acb20 00007ffffd9210dd
0x000000d8ffbff7f0:   0000023e884acba8 0000023e8946efc8
0x000000d8ffbff800:   0000023e8946f070 00007ffffdf0a037
0x000000d8ffbff810:   0000023e8946f058 00007ffffda532cb
0x000000d8ffbff820:   0000023e8946f148 0000023e8946f148
0x000000d8ffbff830:   0000000000000003 00007ffffda462b2
0x000000d8ffbff840:   0000023e424602f0 00007ffffd923218
0x000000d8ffbff850:   00000000023006f9 000000028dba5948
0x000000d8ffbff860:   00000000023006fa 000000028dba5b00
0x000000d8ffbff870:   0000023e8946ef01 00007ffffda646de
0x000000d8ffbff880:   0000023e8946f148 000000d8feefebe0
0x000000d8ffbff890:   0000023e8946f070 000000d8feefebe0
0x000000d8ffbff8a0:   00000000fdccfd00 0000000000000000
0x000000d8ffbff8b0:   00007ffffe0d5860 00000000023006fa
0x000000d8ffbff8c0:   000000028dba5b00 000000d800000005
0x000000d8ffbff8d0:   0000023e42ccac00 0000000000000003
0x000000d8ffbff8e0:   0000000000000000 0000000000000000
0x000000d8ffbff8f0:   0000000000000000 0000023e888f5870
0x000000d8ffbff900:   00000000000003d8 0000023e421b9900
0x000000d8ffbff910:   0000023e421b9610 0000023e42ccac00 

Instructions: (pc=0x00007ffffda56c58)
0x00007ffffda56b58:   ff 48 8d 53 fe 48 8b cf e8 8b f3 ff ff e9 d6 fd
0x00007ffffda56b68:   ff ff 66 0f 1f 44 00 00 48 8b 77 10 8b ae 80 00
0x00007ffffda56b78:   00 00 8b cd 8b 86 00 01 00 00 2b c8 81 e1 ff ff
0x00007ffffda56b88:   01 00 41 3b ce 0f 86 48 02 00 00 ff cd 81 e5 ff
0x00007ffffda56b98:   ff 01 00 89 ae 80 00 00 00 e8 ea 49 36 00 90 8b
0x00007ffffda56ba8:   d5 8b 86 00 01 00 00 8b cd 48 8b 9e 80 01 00 00
0x00007ffffda56bb8:   2b c8 81 e1 ff ff 01 00 81 f9 ff ff 01 00 48 8b
0x00007ffffda56bc8:   1c eb 41 0f 44 cf 85 c9 75 3d 90 89 6c 24 50 48
0x00007ffffda56bd8:   8b 86 00 01 00 00 48 8b c8 48 c1 e9 20 ff c1 89
0x00007ffffda56be8:   4c 24 54 3b e8 0f 85 d6 01 00 00 48 c1 e1 20 48
0x00007ffffda56bf8:   0b ca f0 48 0f b1 8e 00 01 00 00 0f 85 c0 01 00
0x00007ffffda56c08:   00 8b 86 00 01 00 00 f6 c3 01 0f 84 de 00 00 00
0x00007ffffda56c18:   8b 0d 4a 63 86 00 48 ff cb 48 8b 47 08 44 8b 03
0x00007ffffda56c28:   49 d3 e0 8b 88 b0 05 00 00 48 8b 80 a0 05 00 00
0x00007ffffda56c38:   4c 03 05 21 63 86 00 49 8b d0 48 d3 ea 0f b7 14
0x00007ffffda56c48:   50 0f b7 c2 66 c1 e8 08 84 c0 0f 88 18 ff ff ff
0x00007ffffda56c58:   4d 8b 08 41 0f b6 c1 24 03 3c 03 75 06 49 83 e1
0x00007ffffda56c68:   fc eb 0b 48 8b cf e8 1d ed ff ff 4c 8b c8 8b 0d
0x00007ffffda56c78:   ec 62 86 00 49 8b d1 48 2b 15 da 62 86 00 48 d3
0x00007ffffda56c88:   ea 89 13 48 8b d3 8b 0d ac f2 8c 00 49 33 d1 48
0x00007ffffda56c98:   d3 ea 48 85 d2 0f 84 cd fe ff ff 48 8b 47 08 4c
0x00007ffffda56ca8:   8b 80 a0 05 00 00 8b 88 b0 05 00 00 48 8b c3 48
0x00007ffffda56cb8:   d3 e8 41 0f b7 14 40 66 c1 ea 08 80 fa fe 0f 84
0x00007ffffda56cc8:   a4 fe ff ff 49 8b c1 48 d3 e8 41 0f b7 14 40 0f
0x00007ffffda56cd8:   b7 c2 66 c1 e8 08 84 c0 0f 89 8a fe ff ff 4c 8b
0x00007ffffda56ce8:   c3 48 8b cf e8 ef d0 ff ff e9 7a fe ff ff f6 c3
0x00007ffffda56cf8:   03 0f 85 b9 00 00 00 48 8b 47 08 4c 8b 03 49 8b
0x00007ffffda56d08:   d0 8b 88 b0 05 00 00 48 8b 80 a0 05 00 00 48 d3
0x00007ffffda56d18:   ea 0f b7 14 50 0f b7 c2 66 c1 e8 08 84 c0 0f 88
0x00007ffffda56d28:   44 fe ff ff 4d 8b 08 41 0f b6 c1 24 03 3c 03 75
0x00007ffffda56d38:   06 49 83 e1 fc eb 0b 48 8b cf e8 49 ec ff ff 4c
0x00007ffffda56d48:   8b c8 49 8b d1 4c 89 0b 8b 0d ea f1 8c 00 48 33 


Stack slot to memory mapping:

stack at sp + 0 slots: 0x0 is null
stack at sp + 1 slots: 0x0000000000000001 is an unknown value
stack at sp + 2 slots: 0x0000000600000000 is an unknown value
stack at sp + 3 slots: 0x0000000000000050 is an unknown value
stack at sp + 4 slots: 0x0000023e42ccac00 points into unknown readable memory: 0x0000023e00000004 | 04 00 00 00 3e 02 00 00
stack at sp + 5 slots: 0x0000023e8946efc0 points into unknown readable memory: 0x00007ffffe0da330 | 30 a3 0d fe ff 7f 00 00
stack at sp + 6 slots: 0x0000023e884acba8 points into unknown readable memory: 0x00000006930696a0 | a0 96 06 93 06 00 00 00
stack at sp + 7 slots: 0x0000023e8946f0e8 points into unknown readable memory: 0x00007ffffe0da288 | 88 a2 0d fe ff 7f 00 00


---------------  P R O C E S S  ---------------

Threads class SMR info:
_java_thread_list=0x0000023e88a09230, length=13, elements={
0x0000023e209af800, 0x0000023e42192e00, 0x0000023e42195a60, 0x0000023e4219ae10,
0x0000023e4219bcf0, 0x0000023e4219c740, 0x0000023e4219db90, 0x0000023e421b1620,
0x0000023e421b60c0, 0x0000023e424352c0, 0x0000023e42446720, 0x0000023e425ed480,
0x0000023e8808e3a0
}

Java Threads: ( => current thread )
  0x0000023e209af800 JavaThread "main"                              [_thread_blocked, id=3636, stack(0x000000d8fe700000,0x000000d8fe800000) (1024K)]
  0x0000023e42192e00 JavaThread "Reference Handler"          daemon [_thread_blocked, id=1640, stack(0x000000d8fef00000,0x000000d8ff000000) (1024K)]
  0x0000023e42195a60 JavaThread "Finalizer"                  daemon [_thread_blocked, id=13292, stack(0x000000d8ff000000,0x000000d8ff100000) (1024K)]
  0x0000023e4219ae10 JavaThread "Signal Dispatcher"          daemon [_thread_blocked, id=8272, stack(0x000000d8ff100000,0x000000d8ff200000) (1024K)]
  0x0000023e4219bcf0 JavaThread "Attach Listener"            daemon [_thread_blocked, id=9368, stack(0x000000d8ff200000,0x000000d8ff300000) (1024K)]
  0x0000023e4219c740 JavaThread "Service Thread"             daemon [_thread_blocked, id=13296, stack(0x000000d8ff300000,0x000000d8ff400000) (1024K)]
  0x0000023e4219db90 JavaThread "Monitor Deflation Thread"   daemon [_thread_blocked, id=11108, stack(0x000000d8ff400000,0x000000d8ff500000) (1024K)]
  0x0000023e421b1620 JavaThread "C2 CompilerThread0"         daemon [_thread_blocked, id=4360, stack(0x000000d8ff500000,0x000000d8ff600000) (1024K)]
  0x0000023e421b60c0 JavaThread "C1 CompilerThread0"         daemon [_thread_blocked, id=12596, stack(0x000000d8ff600000,0x000000d8ff700000) (1024K)]
  0x0000023e424352c0 JavaThread "Notification Thread"        daemon [_thread_blocked, id=2480, stack(0x000000d8ff700000,0x000000d8ff800000) (1024K)]
  0x0000023e42446720 JavaThread "Common-Cleaner"             daemon [_thread_blocked, id=3216, stack(0x000000d8ff800000,0x000000d8ff900000) (1024K)]
  0x0000023e425ed480 JavaThread "C2 CompilerThread1"         daemon [_thread_blocked, id=2736, stack(0x000000d8ff900000,0x000000d8ffa00000) (1024K)]
  0x0000023e8808e3a0 JavaThread "Thread-1"                   daemon [_thread_blocked, id=1136, stack(0x000000d8ffd00000,0x000000d8ffe00000) (1024K)]
Total: 13

Other Threads:
  0x0000023e4217c360 VMThread "VM Thread"                           [id=3056, stack(0x000000d8fee00000,0x000000d8fef00000) (1024K)]
  0x0000023e42168e00 WatcherThread "VM Periodic Task Thread"        [id=2748, stack(0x000000d8fed00000,0x000000d8fee00000) (1024K)]
  0x0000023e20a294b0 WorkerThread "GC Thread#0"                     [id=7808, stack(0x000000d8fe800000,0x000000d8fe900000) (1024K)]
  0x0000023e42cc93a0 WorkerThread "GC Thread#1"                     [id=13668, stack(0x000000d8ffa00000,0x000000d8ffb00000) (1024K)]
=>0x0000023e42cc9740 WorkerThread "GC Thread#2"                     [id=1744, stack(0x000000d8ffb00000,0x000000d8ffc00000) (1024K)]
  0x0000023e42cc9ae0 WorkerThread "GC Thread#3"                     [id=1568, stack(0x000000d8ffc00000,0x000000d8ffd00000) (1024K)]
  0x0000023e20a361a0 ConcurrentGCThread "G1 Main Marker"            [id=13580, stack(0x000000d8fe900000,0x000000d8fea00000) (1024K)]
  0x0000023e20a36bb0 WorkerThread "G1 Conc#0"                       [id=11516, stack(0x000000d8fea00000,0x000000d8feb00000) (1024K)]
  0x0000023e20a6e6f0 ConcurrentGCThread "G1 Refine#0"               [id=11556, stack(0x000000d8feb00000,0x000000d8fec00000) (1024K)]
  0x0000023e420313d0 ConcurrentGCThread "G1 Service"                [id=13648, stack(0x000000d8fec00000,0x000000d8fed00000) (1024K)]
Total: 10

Threads with active compile tasks:
C2 CompilerThread0     3721 4948   !   4       jdk.internal.loader.BuiltinClassLoader::loadClassOrNull (143 bytes)
C2 CompilerThread1     3721 4959       4       java.lang.invoke.MethodType::makeImpl (109 bytes)
Total: 2

VM state: at safepoint (normal execution)

VM Mutex/Monitor currently owned by a thread:  ([mutex/lock_event])
[0x00007ffffe33de98] Threads_lock - owner thread: 0x0000023e4217c360
[0x00007ffffe33df98] Heap_lock - owner thread: 0x0000023e209af800

Heap address: 0x0000000684000000, size: 6080 MB, Compressed Oops mode: Zero based, Oop shift amount: 3

CDS archive(s) mapped at: [0x0000023e43000000-0x0000023e43c90000-0x0000023e43c90000), size 13172736, SharedBaseAddress: 0x0000023e43000000, ArchiveRelocationMode: 1.
Compressed class space mapped at: 0x0000023e44000000-0x0000023e84000000, reserved size: 1073741824
Narrow klass base: 0x0000023e43000000, Narrow klass shift: 0, Narrow klass range: 0x100000000

GC Precious Log:
 CardTable entry size: 512
 Card Set container configuration: InlinePtr #cards 4 size 8 Array Of Cards #cards 32 size 80 Howl #buckets 8 coarsen threshold 7372 Howl Bitmap #cards 1024 size 144 coarsen threshold 921 Card regions per heap region 1 cards per card region 8192
 CPUs: 4 total, 4 available
 Memory: 24316M
 Large Page Support: Disabled
 NUMA Support: Disabled
 Compressed Oops: Enabled (Zero based)
 Heap Region Size: 4M
 Heap Min Capacity: 8M
 Heap Initial Capacity: 380M
 Heap Max Capacity: 6080M
 Pre-touch: Disabled
 Parallel Workers: 4
 Concurrent Workers: 1
 Concurrent Refinement Workers: 4
 Periodic GC: Disabled

Heap:
 garbage-first heap   total 389120K, used 174821K [0x0000000684000000, 0x0000000800000000)
  region size 4096K, 36 young (147456K), 4 survivors (16384K)
 Metaspace       used 21167K, committed 21504K, reserved 1114112K
  class space    used 2429K, committed 2624K, reserved 1048576K

Heap Regions: E=young(eden), S=young(survivor), O=old, HS=humongous(starts), HC=humongous(continues), CS=collection set, F=free, TAMS=top-at-mark-start, PB=parsable bottom
|   0|0x0000000684000000, 0x000000068434f400, 0x0000000684400000| 82%| O|  |TAMS 0x000000068434f400| PB 0x0000000684000000| Untracked 
|   1|0x0000000684400000, 0x0000000684800000, 0x0000000684800000|100%|HS|  |TAMS 0x0000000684800000| PB 0x0000000684400000| Complete 
|   2|0x0000000684800000, 0x0000000684c00000, 0x0000000684c00000|100%|HC|  |TAMS 0x0000000684c00000| PB 0x0000000684800000| Complete 
|   3|0x0000000684c00000, 0x0000000685000000, 0x0000000685000000|100%|HS|  |TAMS 0x0000000685000000| PB 0x0000000684c00000| Complete 
|   4|0x0000000685000000, 0x0000000685400000, 0x0000000685400000|100%|HC|  |TAMS 0x0000000685400000| PB 0x0000000685000000| Complete 
|   5|0x0000000685400000, 0x0000000685800000, 0x0000000685800000|100%|HC|  |TAMS 0x0000000685800000| PB 0x0000000685400000| Complete 
|   6|0x0000000685800000, 0x0000000685c00000, 0x0000000685c00000|100%|HS|  |TAMS 0x0000000685c00000| PB 0x0000000685800000| Complete 
|   7|0x0000000685c00000, 0x0000000686000000, 0x0000000686000000|100%|HC|  |TAMS 0x0000000686000000| PB 0x0000000685c00000| Complete 
|   8|0x0000000686000000, 0x0000000686400000, 0x0000000686400000|100%|HC|  |TAMS 0x0000000686400000| PB 0x0000000686000000| Complete 
|   9|0x0000000686400000, 0x0000000686800000, 0x0000000686800000|100%|HS|  |TAMS 0x0000000686800000| PB 0x0000000686400000| Complete 
|  10|0x0000000686800000, 0x0000000686c00000, 0x0000000686c00000|100%|HS|  |TAMS 0x0000000686c00000| PB 0x0000000686800000| Complete 
|  11|0x0000000686c00000, 0x0000000686c00000, 0x0000000687000000|  0%| F|  |TAMS 0x0000000686c00000| PB 0x0000000686c00000| Untracked 
|  12|0x0000000687000000, 0x0000000687000000, 0x0000000687400000|  0%| F|  |TAMS 0x0000000687000000| PB 0x0000000687000000| Untracked 
|  13|0x0000000687400000, 0x0000000687400000, 0x0000000687800000|  0%| F|  |TAMS 0x0000000687400000| PB 0x0000000687400000| Untracked 
|  14|0x0000000687800000, 0x0000000687800000, 0x0000000687c00000|  0%| F|  |TAMS 0x0000000687800000| PB 0x0000000687800000| Untracked 
|  15|0x0000000687c00000, 0x0000000687c00000, 0x0000000688000000|  0%| F|  |TAMS 0x0000000687c00000| PB 0x0000000687c00000| Untracked 
|  16|0x0000000688000000, 0x0000000688000000, 0x0000000688400000|  0%| F|  |TAMS 0x0000000688000000| PB 0x0000000688000000| Untracked 
|  17|0x0000000688400000, 0x0000000688400000, 0x0000000688800000|  0%| F|  |TAMS 0x0000000688400000| PB 0x0000000688400000| Untracked 
|  18|0x0000000688800000, 0x0000000688800000, 0x0000000688c00000|  0%| F|  |TAMS 0x0000000688800000| PB 0x0000000688800000| Untracked 
|  19|0x0000000688c00000, 0x0000000688c00000, 0x0000000689000000|  0%| F|  |TAMS 0x0000000688c00000| PB 0x0000000688c00000| Untracked 
|  20|0x0000000689000000, 0x0000000689000000, 0x0000000689400000|  0%| F|  |TAMS 0x0000000689000000| PB 0x0000000689000000| Untracked 
|  21|0x0000000689400000, 0x0000000689400000, 0x0000000689800000|  0%| F|  |TAMS 0x0000000689400000| PB 0x0000000689400000| Untracked 
|  22|0x0000000689800000, 0x0000000689800000, 0x0000000689c00000|  0%| F|  |TAMS 0x0000000689800000| PB 0x0000000689800000| Untracked 
|  23|0x0000000689c00000, 0x0000000689c00000, 0x000000068a000000|  0%| F|  |TAMS 0x0000000689c00000| PB 0x0000000689c00000| Untracked 
|  24|0x000000068a000000, 0x000000068a000000, 0x000000068a400000|  0%| F|  |TAMS 0x000000068a000000| PB 0x000000068a000000| Untracked 
|  25|0x000000068a400000, 0x000000068a400000, 0x000000068a800000|  0%| F|  |TAMS 0x000000068a400000| PB 0x000000068a400000| Untracked 
|  26|0x000000068a800000, 0x000000068a800000, 0x000000068ac00000|  0%| F|  |TAMS 0x000000068a800000| PB 0x000000068a800000| Untracked 
|  27|0x000000068ac00000, 0x000000068ac00000, 0x000000068b000000|  0%| F|  |TAMS 0x000000068ac00000| PB 0x000000068ac00000| Untracked 
|  28|0x000000068b000000, 0x000000068b000000, 0x000000068b400000|  0%| F|  |TAMS 0x000000068b000000| PB 0x000000068b000000| Untracked 
|  29|0x000000068b400000, 0x000000068b400000, 0x000000068b800000|  0%| F|  |TAMS 0x000000068b400000| PB 0x000000068b400000| Untracked 
|  30|0x000000068b800000, 0x000000068b800000, 0x000000068bc00000|  0%| F|  |TAMS 0x000000068b800000| PB 0x000000068b800000| Untracked 
|  31|0x000000068bc00000, 0x000000068bc00000, 0x000000068c000000|  0%| F|  |TAMS 0x000000068bc00000| PB 0x000000068bc00000| Untracked 
|  32|0x000000068c000000, 0x000000068c000000, 0x000000068c400000|  0%| F|  |TAMS 0x000000068c000000| PB 0x000000068c000000| Untracked 
|  33|0x000000068c400000, 0x000000068c400000, 0x000000068c800000|  0%| F|  |TAMS 0x000000068c400000| PB 0x000000068c400000| Untracked 
|  34|0x000000068c800000, 0x000000068c800000, 0x000000068cc00000|  0%| F|  |TAMS 0x000000068c800000| PB 0x000000068c800000| Untracked 
|  35|0x000000068cc00000, 0x000000068cc00000, 0x000000068d000000|  0%| F|  |TAMS 0x000000068cc00000| PB 0x000000068cc00000| Untracked 
|  36|0x000000068d000000, 0x000000068d000000, 0x000000068d400000|  0%| F|  |TAMS 0x000000068d000000| PB 0x000000068d000000| Untracked 
|  37|0x000000068d400000, 0x000000068d400000, 0x000000068d800000|  0%| F|  |TAMS 0x000000068d400000| PB 0x000000068d400000| Untracked 
|  38|0x000000068d800000, 0x000000068d800000, 0x000000068dc00000|  0%| F|  |TAMS 0x000000068d800000| PB 0x000000068d800000| Untracked 
|  39|0x000000068dc00000, 0x000000068dc00000, 0x000000068e000000|  0%| F|  |TAMS 0x000000068dc00000| PB 0x000000068dc00000| Untracked 
|  40|0x000000068e000000, 0x000000068e000000, 0x000000068e400000|  0%| F|  |TAMS 0x000000068e000000| PB 0x000000068e000000| Untracked 
|  41|0x000000068e400000, 0x000000068e400000, 0x000000068e800000|  0%| F|  |TAMS 0x000000068e400000| PB 0x000000068e400000| Untracked 
|  42|0x000000068e800000, 0x000000068e800000, 0x000000068ec00000|  0%| F|  |TAMS 0x000000068e800000| PB 0x000000068e800000| Untracked 
|  43|0x000000068ec00000, 0x000000068ec00000, 0x000000068f000000|  0%| F|  |TAMS 0x000000068ec00000| PB 0x000000068ec00000| Untracked 
|  44|0x000000068f000000, 0x000000068f000000, 0x000000068f400000|  0%| F|  |TAMS 0x000000068f000000| PB 0x000000068f000000| Untracked 
|  45|0x000000068f400000, 0x000000068f400000, 0x000000068f800000|  0%| F|  |TAMS 0x000000068f400000| PB 0x000000068f400000| Untracked 
|  46|0x000000068f800000, 0x000000068f800000, 0x000000068fc00000|  0%| F|  |TAMS 0x000000068f800000| PB 0x000000068f800000| Untracked 
|  47|0x000000068fc00000, 0x000000068fc00000, 0x0000000690000000|  0%| F|  |TAMS 0x000000068fc00000| PB 0x000000068fc00000| Untracked 
|  48|0x0000000690000000, 0x0000000690000000, 0x0000000690400000|  0%| F|  |TAMS 0x0000000690000000| PB 0x0000000690000000| Untracked 
|  49|0x0000000690400000, 0x0000000690400000, 0x0000000690800000|  0%| F|  |TAMS 0x0000000690400000| PB 0x0000000690400000| Untracked 
|  50|0x0000000690800000, 0x0000000690800000, 0x0000000690c00000|  0%| F|  |TAMS 0x0000000690800000| PB 0x0000000690800000| Untracked 
|  51|0x0000000690c00000, 0x0000000690c00000, 0x0000000691000000|  0%| F|  |TAMS 0x0000000690c00000| PB 0x0000000690c00000| Untracked 
|  52|0x0000000691000000, 0x0000000691000000, 0x0000000691400000|  0%| F|  |TAMS 0x0000000691000000| PB 0x0000000691000000| Untracked 
|  53|0x0000000691400000, 0x0000000691400000, 0x0000000691800000|  0%| F|  |TAMS 0x0000000691400000| PB 0x0000000691400000| Untracked 
|  54|0x0000000691800000, 0x0000000691800000, 0x0000000691c00000|  0%| F|  |TAMS 0x0000000691800000| PB 0x0000000691800000| Untracked 
|  55|0x0000000691c00000, 0x0000000691c00000, 0x0000000692000000|  0%| F|  |TAMS 0x0000000691c00000| PB 0x0000000691c00000| Untracked 
|  56|0x0000000692000000, 0x0000000692000000, 0x0000000692400000|  0%| F|  |TAMS 0x0000000692000000| PB 0x0000000692000000| Untracked 
|  57|0x0000000692400000, 0x0000000692400000, 0x0000000692800000|  0%| F|  |TAMS 0x0000000692400000| PB 0x0000000692400000| Untracked 
|  58|0x0000000692800000, 0x0000000692b6ae00, 0x0000000692c00000| 85%| S|  |TAMS 0x0000000692800000| PB 0x0000000692800000| Complete 
|  59|0x0000000692c00000, 0x0000000693000000, 0x0000000693000000|100%| S|  |TAMS 0x0000000692c00000| PB 0x0000000692c00000| Complete 
|  60|0x0000000693000000, 0x0000000693400000, 0x0000000693400000|100%| S|  |TAMS 0x0000000693000000| PB 0x0000000693000000| Complete 
|  61|0x0000000693400000, 0x0000000693800000, 0x0000000693800000|100%| S|  |TAMS 0x0000000693400000| PB 0x0000000693400000| Complete 
|  62|0x0000000693800000, 0x000000069389e930, 0x0000000693c00000| 15%| E|CS|TAMS 0x0000000693800000| PB 0x0000000693800000| Complete 
|  63|0x0000000693c00000, 0x0000000694000000, 0x0000000694000000|100%| E|CS|TAMS 0x0000000693c00000| PB 0x0000000693c00000| Complete 
|  64|0x0000000694000000, 0x0000000694400000, 0x0000000694400000|100%| E|CS|TAMS 0x0000000694000000| PB 0x0000000694000000| Complete 
|  65|0x0000000694400000, 0x0000000694800000, 0x0000000694800000|100%| E|CS|TAMS 0x0000000694400000| PB 0x0000000694400000| Complete 
|  66|0x0000000694800000, 0x0000000694c00000, 0x0000000694c00000|100%| E|CS|TAMS 0x0000000694800000| PB 0x0000000694800000| Complete 
|  67|0x0000000694c00000, 0x0000000695000000, 0x0000000695000000|100%| E|CS|TAMS 0x0000000694c00000| PB 0x0000000694c00000| Complete 
|  68|0x0000000695000000, 0x0000000695400000, 0x0000000695400000|100%| E|CS|TAMS 0x0000000695000000| PB 0x0000000695000000| Complete 
|  69|0x0000000695400000, 0x0000000695800000, 0x0000000695800000|100%| E|CS|TAMS 0x0000000695400000| PB 0x0000000695400000| Complete 
|  70|0x0000000695800000, 0x0000000695c00000, 0x0000000695c00000|100%| E|CS|TAMS 0x0000000695800000| PB 0x0000000695800000| Complete 
|  71|0x0000000695c00000, 0x0000000696000000, 0x0000000696000000|100%| E|CS|TAMS 0x0000000695c00000| PB 0x0000000695c00000| Complete 
|  72|0x0000000696000000, 0x0000000696400000, 0x0000000696400000|100%| E|CS|TAMS 0x0000000696000000| PB 0x0000000696000000| Complete 
|  73|0x0000000696400000, 0x0000000696800000, 0x0000000696800000|100%| E|CS|TAMS 0x0000000696400000| PB 0x0000000696400000| Complete 
|  74|0x0000000696800000, 0x0000000696c00000, 0x0000000696c00000|100%| E|CS|TAMS 0x0000000696800000| PB 0x0000000696800000| Complete 
|  75|0x0000000696c00000, 0x0000000697000000, 0x0000000697000000|100%| E|CS|TAMS 0x0000000696c00000| PB 0x0000000696c00000| Complete 
|  76|0x0000000697000000, 0x0000000697400000, 0x0000000697400000|100%| E|CS|TAMS 0x0000000697000000| PB 0x0000000697000000| Complete 
|  77|0x0000000697400000, 0x0000000697800000, 0x0000000697800000|100%| E|CS|TAMS 0x0000000697400000| PB 0x0000000697400000| Complete 
|  78|0x0000000697800000, 0x0000000697c00000, 0x0000000697c00000|100%| E|CS|TAMS 0x0000000697800000| PB 0x0000000697800000| Complete 
|  79|0x0000000697c00000, 0x0000000698000000, 0x0000000698000000|100%| E|CS|TAMS 0x0000000697c00000| PB 0x0000000697c00000| Complete 
|  80|0x0000000698000000, 0x0000000698400000, 0x0000000698400000|100%| E|CS|TAMS 0x0000000698000000| PB 0x0000000698000000| Complete 
|  81|0x0000000698400000, 0x0000000698800000, 0x0000000698800000|100%| E|CS|TAMS 0x0000000698400000| PB 0x0000000698400000| Complete 
|  82|0x0000000698800000, 0x0000000698c00000, 0x0000000698c00000|100%| E|CS|TAMS 0x0000000698800000| PB 0x0000000698800000| Complete 
|  83|0x0000000698c00000, 0x0000000699000000, 0x0000000699000000|100%| E|CS|TAMS 0x0000000698c00000| PB 0x0000000698c00000| Complete 
|  84|0x0000000699000000, 0x0000000699400000, 0x0000000699400000|100%| E|CS|TAMS 0x0000000699000000| PB 0x0000000699000000| Complete 
|  85|0x0000000699400000, 0x00000006996cb8a0, 0x0000000699800000| 69%| E|CS|TAMS 0x0000000699400000| PB 0x0000000699400000| Complete 
|  86|0x0000000699800000, 0x0000000699c00000, 0x0000000699c00000|100%| E|CS|TAMS 0x0000000699800000| PB 0x0000000699800000| Complete 
|  87|0x0000000699c00000, 0x000000069a000000, 0x000000069a000000|100%| E|CS|TAMS 0x0000000699c00000| PB 0x0000000699c00000| Complete 
|  88|0x000000069a000000, 0x000000069a400000, 0x000000069a400000|100%| E|CS|TAMS 0x000000069a000000| PB 0x000000069a000000| Complete 
|  89|0x000000069a400000, 0x000000069a800000, 0x000000069a800000|100%| E|CS|TAMS 0x000000069a400000| PB 0x000000069a400000| Complete 
|  90|0x000000069a800000, 0x000000069ac00000, 0x000000069ac00000|100%| E|CS|TAMS 0x000000069a800000| PB 0x000000069a800000| Complete 
|  91|0x000000069ac00000, 0x000000069b000000, 0x000000069b000000|100%| E|CS|TAMS 0x000000069ac00000| PB 0x000000069ac00000| Complete 
|  92|0x000000069b000000, 0x000000069b400000, 0x000000069b400000|100%| E|CS|TAMS 0x000000069b000000| PB 0x000000069b000000| Complete 
|  93|0x000000069b400000, 0x000000069b800000, 0x000000069b800000|100%| E|CS|TAMS 0x000000069b400000| PB 0x000000069b400000| Complete 
|  94|0x000000069b800000, 0x000000069bc00000, 0x000000069bc00000|100%| E|CS|TAMS 0x000000069b800000| PB 0x000000069b800000| Complete 

Card table byte_map: [0x0000023e390c0000,0x0000023e39ca0000] _byte_map_base: 0x0000023e35ca0000

Marking Bits: (CMBitMap*) 0x0000023e20a29ac0
 Bits: [0x0000023e39ca0000, 0x0000023e3fba0000)

Polling page: 0x0000023e20a70000

Metaspace:

Usage:
  Non-class:     18.30 MB used.
      Class:      2.37 MB used.
       Both:     20.67 MB used.

Virtual space:
  Non-class space:       64.00 MB reserved,      18.44 MB ( 29%) committed,  1 nodes.
      Class space:        1.00 GB reserved,       2.56 MB ( <1%) committed,  1 nodes.
             Both:        1.06 GB reserved,      21.00 MB (  2%) committed. 

Chunk freelists:
   Non-Class:  13.56 MB
       Class:  13.39 MB
        Both:  26.95 MB

MaxMetaspaceSize: unlimited
CompressedClassSpaceSize: 1.00 GB
Initial GC threshold: 21.00 MB
Current GC threshold: 21.00 MB
CDS: on
 - commit_granule_bytes: 65536.
 - commit_granule_words: 8192.
 - virtual_space_node_default_size: 8388608.
 - enlarge_chunks_in_place: 1.
 - use_allocation_guard: 0.


Internal statistics:

num_allocs_failed_limit: 3.
num_arena_births: 222.
num_arena_deaths: 0.
num_vsnodes_births: 2.
num_vsnodes_deaths: 0.
num_space_committed: 336.
num_space_uncommitted: 0.
num_chunks_returned_to_freelist: 3.
num_chunks_taken_from_freelist: 950.
num_chunk_merges: 3.
num_chunk_splits: 667.
num_chunks_enlarged: 537.
num_inconsistent_stats: 0.

CodeHeap 'non-profiled nmethods': size=120000Kb used=2490Kb max_used=2490Kb free=117509Kb
 bounds [0x0000023e30990000, 0x0000023e30c00000, 0x0000023e37ec0000]
CodeHeap 'profiled nmethods': size=120000Kb used=10379Kb max_used=10379Kb free=109620Kb
 bounds [0x0000023e28ec0000, 0x0000023e298f0000, 0x0000023e303f0000]
CodeHeap 'non-nmethods': size=5760Kb used=1592Kb max_used=1617Kb free=4167Kb
 bounds [0x0000023e303f0000, 0x0000023e30660000, 0x0000023e30990000]
 total_blobs=5507 nmethods=4982 adapters=429
 compilation: enabled
              stopped_count=0, restarted_count=0
 full_count=0

Compilation events (20 events):
Event: 3.666 Thread 0x0000023e421b60c0 4976       3       java.nio.DirectByteBufferR::slice (5 bytes)
Event: 3.666 Thread 0x0000023e421b60c0 nmethod 4976 0x0000023e298de310 code [0x0000023e298de4c0, 0x0000023e298de5f8]
Event: 3.666 Thread 0x0000023e421b60c0 4977       3       java.nio.DirectByteBufferR::slice (74 bytes)
Event: 3.666 Thread 0x0000023e421b60c0 nmethod 4977 0x0000023e298de690 code [0x0000023e298de840, 0x0000023e298deb00]
Event: 3.667 Thread 0x0000023e421b60c0 4978       3       jdk.internal.jimage.ImageReader::findLocation (14 bytes)
Event: 3.668 Thread 0x0000023e421b60c0 nmethod 4978 0x0000023e298dec10 code [0x0000023e298dede0, 0x0000023e298df138]
Event: 3.668 Thread 0x0000023e421b60c0 4979       3       jdk.internal.jimage.BasicImageReader::findLocation (57 bytes)
Event: 3.668 Thread 0x0000023e421b60c0 nmethod 4979 0x0000023e298df290 code [0x0000023e298df500, 0x0000023e298dffb0]
Event: 3.668 Thread 0x0000023e421b60c0 4980       3       jdk.internal.module.SystemModuleFinders$SystemModuleReader::findImageLocation (42 bytes)
Event: 3.668 Thread 0x0000023e421b60c0 nmethod 4980 0x0000023e298e0310 code [0x0000023e298e0540, 0x0000023e298e0c00]
Event: 3.668 Thread 0x0000023e421b60c0 4982       3       jdk.internal.jimage.ImageLocation::verify (38 bytes)
Event: 3.669 Thread 0x0000023e421b60c0 nmethod 4982 0x0000023e298e0e90 code [0x0000023e298e10a0, 0x0000023e298e1648]
Event: 3.669 Thread 0x0000023e421b60c0 4985       3       jdk.internal.module.SystemModuleFinders$SystemModuleReader::release (10 bytes)
Event: 3.669 Thread 0x0000023e421b60c0 nmethod 4985 0x0000023e298e1910 code [0x0000023e298e1b00, 0x0000023e298e1f78]
Event: 3.669 Thread 0x0000023e421b60c0 4986       3       jdk.internal.jimage.ImageReader::releaseByteBuffer (5 bytes)
Event: 3.669 Thread 0x0000023e421b60c0 nmethod 4986 0x0000023e298e2110 code [0x0000023e298e22e0, 0x0000023e298e2598]
Event: 3.669 Thread 0x0000023e421b60c0 4987       3       jdk.internal.jimage.BasicImageReader::releaseByteBuffer (16 bytes)
Event: 3.669 Thread 0x0000023e421b60c0 nmethod 4987 0x0000023e298e2690 code [0x0000023e298e2840, 0x0000023e298e2a98]
Event: 3.669 Thread 0x0000023e421b60c0 4984       3       java.security.SecureClassLoader::defineClass (12 bytes)
Event: 3.669 Thread 0x0000023e421b60c0 nmethod 4984 0x0000023e298e2b90 code [0x0000023e298e2d40, 0x0000023e298e2ed8]

GC Heap History (7 events):
Event: 0.511 GC heap before
{Heap before GC invocations=0 (full 0):
 garbage-first heap   total 389120K, used 16384K [0x0000000684000000, 0x0000000800000000)
  region size 4096K, 4 young (16384K), 0 survivors (0K)
 Metaspace       used 4773K, committed 4928K, reserved 1114112K
  class space    used 541K, committed 640K, reserved 1048576K
}
Event: 0.514 GC heap after
{Heap after GC invocations=1 (full 0):
 garbage-first heap   total 389120K, used 3460K [0x0000000684000000, 0x0000000800000000)
  region size 4096K, 1 young (4096K), 1 survivors (4096K)
 Metaspace       used 4773K, committed 4928K, reserved 1114112K
  class space    used 541K, committed 640K, reserved 1048576K
}
Event: 0.753 GC heap before
{Heap before GC invocations=1 (full 0):
 garbage-first heap   total 389120K, used 15748K [0x0000000684000000, 0x0000000800000000)
  region size 4096K, 4 young (16384K), 1 survivors (4096K)
 Metaspace       used 6178K, committed 6400K, reserved 1114112K
  class space    used 715K, committed 832K, reserved 1048576K
}
Event: 0.757 GC heap after
{Heap after GC invocations=2 (full 0):
 garbage-first heap   total 389120K, used 4345K [0x0000000684000000, 0x0000000800000000)
  region size 4096K, 1 young (4096K), 1 survivors (4096K)
 Metaspace       used 6178K, committed 6400K, reserved 1114112K
  class space    used 715K, committed 832K, reserved 1048576K
}
Event: 1.426 GC heap before
{Heap before GC invocations=2 (full 0):
 garbage-first heap   total 389120K, used 37113K [0x0000000684000000, 0x0000000800000000)
  region size 4096K, 9 young (36864K), 1 survivors (4096K)
 Metaspace       used 11691K, committed 11840K, reserved 1114112K
  class space    used 1385K, committed 1472K, reserved 1048576K
}
Event: 1.430 GC heap after
{Heap after GC invocations=3 (full 0):
 garbage-first heap   total 389120K, used 6251K [0x0000000684000000, 0x0000000800000000)
  region size 4096K, 1 young (4096K), 1 survivors (4096K)
 Metaspace       used 11691K, committed 11840K, reserved 1114112K
  class space    used 1385K, committed 1472K, reserved 1048576K
}
Event: 3.670 GC heap before
{Heap before GC invocations=3 (full 0):
 garbage-first heap   total 389120K, used 174187K [0x0000000684000000, 0x0000000800000000)
  region size 4096K, 33 young (135168K), 1 survivors (4096K)
 Metaspace       used 21167K, committed 21504K, reserved 1114112K
  class space    used 2429K, committed 2624K, reserved 1048576K
}

Dll operation events (8 events):
Event: 0.007 Loaded shared library C:\Program Files\Java\jdk-21\bin\java.dll
Event: 0.036 Loaded shared library C:\Program Files\Java\jdk-21\bin\jsvml.dll
Event: 0.054 Loaded shared library C:\Program Files\Java\jdk-21\bin\net.dll
Event: 0.056 Loaded shared library C:\Program Files\Java\jdk-21\bin\nio.dll
Event: 0.060 Loaded shared library C:\Program Files\Java\jdk-21\bin\zip.dll
Event: 0.177 Loaded shared library C:\Program Files\Java\jdk-21\bin\jimage.dll
Event: 0.177 Loaded shared library C:\Program Files\maven\lib\jansi-native\Windows\x86_64\jansi.dll
Event: 0.193 Loaded shared library C:\Program Files\Java\jdk-21\bin\verify.dll

Deoptimization events (20 events):
Event: 3.588 Thread 0x0000023e209af800 DEOPT PACKING pc=0x0000023e298ac687 sp=0x000000d8fe7fc5d0
Event: 3.588 Thread 0x0000023e209af800 DEOPT UNPACKING pc=0x0000023e304488e2 sp=0x000000d8fe7fba60 mode 0
Event: 3.588 Thread 0x0000023e209af800 DEOPT PACKING pc=0x0000023e298ac687 sp=0x000000d8fe7fc5d0
Event: 3.588 Thread 0x0000023e209af800 DEOPT UNPACKING pc=0x0000023e304488e2 sp=0x000000d8fe7fba60 mode 0
Event: 3.598 Thread 0x0000023e209af800 Uncommon trap: trap_request=0xffffff45 fr.pc=0x0000023e30bee26c relative=0x000000000000022c
Event: 3.598 Thread 0x0000023e209af800 Uncommon trap: reason=unstable_if action=reinterpret pc=0x0000023e30bee26c method=java.util.Arrays.hashCode([B)I @ 8 c2
Event: 3.598 Thread 0x0000023e209af800 DEOPT PACKING pc=0x0000023e30bee26c sp=0x000000d8fe7fc490
Event: 3.598 Thread 0x0000023e209af800 DEOPT UNPACKING pc=0x0000023e30447da2 sp=0x000000d8fe7fc428 mode 2
Event: 3.608 Thread 0x0000023e209af800 Uncommon trap: trap_request=0xffffff45 fr.pc=0x0000023e30bc8d0c relative=0x0000000000000fcc
Event: 3.608 Thread 0x0000023e209af800 Uncommon trap: reason=unstable_if action=reinterpret pc=0x0000023e30bc8d0c method=java.lang.String.<init>(Ljava/nio/charset/Charset;[BII)V @ 34 c2
Event: 3.608 Thread 0x0000023e209af800 DEOPT PACKING pc=0x0000023e30bc8d0c sp=0x000000d8fe7fc6d0
Event: 3.608 Thread 0x0000023e209af800 DEOPT UNPACKING pc=0x0000023e30447da2 sp=0x000000d8fe7fc6a8 mode 2
Event: 3.616 Thread 0x0000023e209af800 Uncommon trap: trap_request=0xffffff45 fr.pc=0x0000023e30bed010 relative=0x00000000000000f0
Event: 3.616 Thread 0x0000023e209af800 Uncommon trap: reason=unstable_if action=reinterpret pc=0x0000023e30bed010 method=jdk.nio.zipfs.ZipConstants.pkSigAt([BIII)Z @ 5 c2
Event: 3.616 Thread 0x0000023e209af800 DEOPT PACKING pc=0x0000023e30bed010 sp=0x000000d8fe7fd340
Event: 3.616 Thread 0x0000023e209af800 DEOPT UNPACKING pc=0x0000023e30447da2 sp=0x000000d8fe7fd2e8 mode 2
Event: 3.629 Thread 0x0000023e209af800 Uncommon trap: trap_request=0xffffff76 fr.pc=0x0000023e30bf0b00 relative=0x00000000000001e0
Event: 3.629 Thread 0x0000023e209af800 Uncommon trap: reason=predicate action=maybe_recompile pc=0x0000023e30bf0b00 method=java.util.LinkedHashMap.valuesToArray([Ljava/lang/Object;Z)[Ljava/lang/Object; @ 53 c2
Event: 3.629 Thread 0x0000023e209af800 DEOPT PACKING pc=0x0000023e30bf0b00 sp=0x000000d8fe7fd3c0
Event: 3.629 Thread 0x0000023e209af800 DEOPT UNPACKING pc=0x0000023e30447da2 sp=0x000000d8fe7fd370 mode 2

Classes loaded (20 events):
Event: 3.640 Loading class jdk/internal/jrtfs/SystemImage$2
Event: 3.640 Loading class jdk/internal/jrtfs/SystemImage$2 done
Event: 3.641 Loading class jdk/internal/jimage/ImageReader$Directory
Event: 3.641 Loading class jdk/internal/jimage/ImageReader$Node
Event: 3.641 Loading class jdk/internal/jimage/ImageReader$Node done
Event: 3.641 Loading class jdk/internal/jimage/ImageReader$Directory done
Event: 3.641 Loading class jdk/internal/jrtfs/SystemImage$1
Event: 3.641 Loading class jdk/internal/jrtfs/SystemImage$1 done
Event: 3.641 Loading class java/io/BufferedReader$1
Event: 3.641 Loading class java/io/BufferedReader$1 done
Event: 3.642 Loading class jdk/internal/jimage/ImageReader$SharedImageReader$LocationVisitor
Event: 3.642 Loading class jdk/internal/jimage/ImageReader$SharedImageReader$LocationVisitor done
Event: 3.642 Loading class java/nio/ByteBufferAsIntBufferL
Event: 3.642 Loading class java/nio/ByteBufferAsIntBufferL done
Event: 3.643 Loading class jdk/internal/jimage/ImageReader$Resource
Event: 3.643 Loading class jdk/internal/jimage/ImageReader$Resource done
Event: 3.643 Loading class jdk/internal/jrtfs/JrtFileAttributes
Event: 3.643 Loading class jdk/internal/jrtfs/JrtFileAttributes done
Event: 3.653 Loading class sun/nio/fs/WindowsException
Event: 3.653 Loading class sun/nio/fs/WindowsException done

Classes unloaded (0 events):
No events

Classes redefined (0 events):
No events

Internal exceptions (20 events):
Event: 1.769 Thread 0x0000023e209af800 Implicit null exception at 0x0000023e309bf7a0 to 0x0000023e309bfe74
Event: 1.815 Thread 0x0000023e209af800 Exception <a 'java/lang/NoSuchMethodError'{0x000000069adedc20}: 'void java.lang.invoke.DirectMethodHandle$Holder.invokeSpecial(java.lang.Object, java.lang.Object, java.lang.Object, java.lang.Object, java.lang.Object)'> (0x000000069adedc20) 
thrown [s\open\src\hotspot\share\interpreter\linkResolver.cpp, line 773]
Event: 1.818 Thread 0x0000023e209af800 Exception <a 'java/lang/NoSuchMethodError'{0x000000069ae03b70}: 'void java.lang.invoke.DirectMethodHandle$Holder.invokeSpecial(java.lang.Object, java.lang.Object, java.lang.Object, java.lang.Object, java.lang.Object, java.lang.Object)'> (0x000000069ae03b70) 
thrown [s\open\src\hotspot\share\interpreter\linkResolver.cpp, line 773]
Event: 1.832 Thread 0x0000023e209af800 Exception <a 'java/lang/NoSuchMethodError'{0x000000069aefa178}: 'java.lang.Object java.lang.invoke.DirectMethodHandle$Holder.invokeVirtual(java.lang.Object, java.lang.Object, java.lang.Object)'> (0x000000069aefa178) 
thrown [s\open\src\hotspot\share\interpreter\linkResolver.cpp, line 773]
Event: 1.879 Thread 0x0000023e209af800 Exception <a 'java/lang/NoSuchMethodError'{0x000000069a8cd3f0}: 'void java.lang.invoke.DirectMethodHandle$Holder.invokeVirtual(java.lang.Object, java.lang.Object, int)'> (0x000000069a8cd3f0) 
thrown [s\open\src\hotspot\share\interpreter\linkResolver.cpp, line 773]
Event: 1.880 Thread 0x0000023e209af800 Exception <a 'java/lang/NoSuchMethodError'{0x000000069a8d11a0}: 'void java.lang.invoke.DirectMethodHandle$Holder.invokeSpecial(java.lang.Object, java.lang.Object, java.lang.Object, int)'> (0x000000069a8d11a0) 
thrown [s\open\src\hotspot\share\interpreter\linkResolver.cpp, line 773]
Event: 1.880 Thread 0x0000023e209af800 Exception <a 'java/lang/NoSuchMethodError'{0x000000069a8d4870}: 'void java.lang.invoke.DelegatingMethodHandle$Holder.reinvoke_L(java.lang.Object, java.lang.Object, int)'> (0x000000069a8d4870) 
thrown [s\open\src\hotspot\share\interpreter\linkResolver.cpp, line 773]
Event: 2.276 Thread 0x0000023e209af800 Implicit null exception at 0x0000023e30ac6f60 to 0x0000023e30ac82f8
Event: 2.276 Thread 0x0000023e209af800 Implicit null exception at 0x0000023e30a4ff1b to 0x0000023e30a50114
Event: 2.277 Thread 0x0000023e209af800 Implicit null exception at 0x0000023e30ab348d to 0x0000023e30ab3d1c
Event: 2.912 Thread 0x0000023e209af800 Implicit null exception at 0x0000023e30a315bd to 0x0000023e30a31641
Event: 3.015 Thread 0x0000023e209af800 Exception <a 'java/lang/NoSuchMethodError'{0x000000069673c930}: 'java.lang.Object java.lang.invoke.DirectMethodHandle$Holder.newInvokeSpecial(java.lang.Object, java.lang.Object, java.lang.Object, java.lang.Object, java.lang.Object, java.lang.Object, java.lang.Object)'> (0x000000069673c930) 
thrown [s\open\src\hotspot\share\interpreter\linkResolver.cpp, line 773]
Event: 3.180 Thread 0x0000023e209af800 Exception <a 'java/lang/NoSuchMethodError'{0x00000006958f5ca8}: 'int java.lang.invoke.DirectMethodHandle$Holder.invokeVirtual(java.lang.Object, java.lang.Object)'> (0x00000006958f5ca8) 
thrown [s\open\src\hotspot\share\interpreter\linkResolver.cpp, line 773]
Event: 3.440 Thread 0x0000023e209af800 Exception <a 'java/lang/IncompatibleClassChangeError'{0x0000000694fd66b0}: Found class java.lang.Object, but interface was expected> (0x0000000694fd66b0) 
thrown [s\open\src\hotspot\share\interpreter\linkResolver.cpp, line 840]
Event: 3.441 Thread 0x0000023e209af800 Exception <a 'java/lang/NoSuchMethodError'{0x0000000694fdb7f0}: 'void java.lang.invoke.DirectMethodHandle$Holder.invokeInterface(java.lang.Object, java.lang.Object, java.lang.Object)'> (0x0000000694fdb7f0) 
thrown [s\open\src\hotspot\share\interpreter\linkResolver.cpp, line 773]
Event: 3.510 Thread 0x0000023e209af800 Exception <a 'java/lang/NoSuchMethodError'{0x000000069490e3a8}: 'int java.lang.invoke.DirectMethodHandle$Holder.invokeInterface(java.lang.Object, java.lang.Object)'> (0x000000069490e3a8) 
thrown [s\open\src\hotspot\share\interpreter\linkResolver.cpp, line 773]
Event: 3.563 Thread 0x0000023e209af800 Exception <a 'java/lang/NoSuchMethodError'{0x0000000694655ba0}: 'int java.lang.invoke.DirectMethodHandle$Holder.invokeVirtual(java.lang.Object, java.lang.Object, java.lang.Object)'> (0x0000000694655ba0) 
thrown [s\open\src\hotspot\share\interpreter\linkResolver.cpp, line 773]
Event: 3.565 Thread 0x0000023e209af800 Exception <a 'java/lang/NoSuchMethodError'{0x0000000694662918}: 'int java.lang.invoke.DirectMethodHandle$Holder.invokeStaticInit(java.lang.Object, java.lang.Object, java.lang.Object)'> (0x0000000694662918) 
thrown [s\open\src\hotspot\share\interpreter\linkResolver.cpp, line 773]
Event: 3.638 Thread 0x0000023e209af800 Exception <a 'java/lang/NoSuchMethodError'{0x0000000693fae6c8}: 'java.lang.Object java.lang.invoke.DirectMethodHandle$Holder.invokeStatic(java.lang.Object, int, java.lang.Object)'> (0x0000000693fae6c8) 
thrown [s\open\src\hotspot\share\interpreter\linkResolver.cpp, line 773]
Event: 3.653 Thread 0x0000023e209af800 Exception <a 'sun/nio/fs/WindowsException'{0x0000000693827230}> (0x0000000693827230) 
thrown [s\open\src\hotspot\share\prims\jni.cpp, line 520]

ZGC Phase Switch (0 events):
No events

VM Operations (20 events):
Event: 3.168 Executing VM operation: ICBufferFull done
Event: 3.469 Executing VM operation: HandshakeAllThreads (Deoptimize)
Event: 3.469 Executing VM operation: HandshakeAllThreads (Deoptimize) done
Event: 3.509 Executing VM operation: HandshakeAllThreads (Deoptimize)
Event: 3.509 Executing VM operation: HandshakeAllThreads (Deoptimize) done
Event: 3.533 Executing VM operation: ICBufferFull
Event: 3.534 Executing VM operation: ICBufferFull done
Event: 3.567 Executing VM operation: HandshakeAllThreads (Deoptimize)
Event: 3.567 Executing VM operation: HandshakeAllThreads (Deoptimize) done
Event: 3.569 Executing VM operation: HandshakeAllThreads (Deoptimize)
Event: 3.569 Executing VM operation: HandshakeAllThreads (Deoptimize) done
Event: 3.574 Executing VM operation: HandshakeAllThreads (Deoptimize)
Event: 3.574 Executing VM operation: HandshakeAllThreads (Deoptimize) done
Event: 3.574 Executing VM operation: HandshakeAllThreads (Deoptimize)
Event: 3.574 Executing VM operation: HandshakeAllThreads (Deoptimize) done
Event: 3.643 Executing VM operation: HandshakeAllThreads (Deoptimize)
Event: 3.643 Executing VM operation: HandshakeAllThreads (Deoptimize) done
Event: 3.643 Executing VM operation: HandshakeAllThreads (Deoptimize)
Event: 3.643 Executing VM operation: HandshakeAllThreads (Deoptimize) done
Event: 3.670 Executing VM operation: CollectForMetadataAllocation (Metadata GC Threshold)

Events (15 events):
Event: 0.021 Thread 0x0000023e209af800 Thread added: 0x0000023e209af800
Event: 0.033 Thread 0x0000023e42192e00 Thread added: 0x0000023e42192e00
Event: 0.033 Thread 0x0000023e42195a60 Thread added: 0x0000023e42195a60
Event: 0.033 Thread 0x0000023e4219ae10 Thread added: 0x0000023e4219ae10
Event: 0.033 Thread 0x0000023e4219bcf0 Thread added: 0x0000023e4219bcf0
Event: 0.033 Thread 0x0000023e4219c740 Thread added: 0x0000023e4219c740
Event: 0.033 Thread 0x0000023e4219db90 Thread added: 0x0000023e4219db90
Event: 0.033 Thread 0x0000023e421b1620 Thread added: 0x0000023e421b1620
Event: 0.034 Thread 0x0000023e421b60c0 Thread added: 0x0000023e421b60c0
Event: 0.049 Thread 0x0000023e424352c0 Thread added: 0x0000023e424352c0
Event: 0.051 Thread 0x0000023e42446720 Thread added: 0x0000023e42446720
Event: 0.141 Thread 0x0000023e425ed480 Thread added: 0x0000023e425ed480
Event: 0.174 Thread 0x0000023e42701110 Thread added: 0x0000023e42701110
Event: 0.190 Thread 0x0000023e42701110 Thread exited: 0x0000023e42701110
Event: 1.712 Thread 0x0000023e8808e3a0 Thread added: 0x0000023e8808e3a0


Dynamic libraries:
0x00007ff735240000 - 0x00007ff735250000 	C:\Program Files\Java\jdk-21\bin\java.exe
0x00007ff8777a0000 - 0x00007ff877a03000 	C:\WINDOWS\SYSTEM32\ntdll.dll
0x00007ff875a30000 - 0x00007ff875af7000 	C:\WINDOWS\System32\KERNEL32.DLL
0x00007ff875030000 - 0x00007ff8753f7000 	C:\WINDOWS\System32\KERNELBASE.dll
0x00007ff874ca0000 - 0x00007ff874dec000 	C:\WINDOWS\System32\ucrtbase.dll
0x00007ff862700000 - 0x00007ff862719000 	C:\Program Files\Java\jdk-21\bin\jli.dll
0x00007ff862720000 - 0x00007ff86273b000 	C:\Program Files\Java\jdk-21\bin\VCRUNTIME140.dll
0x00007ff8755e0000 - 0x00007ff875694000 	C:\WINDOWS\System32\ADVAPI32.dll
0x00007ff875b70000 - 0x00007ff875c19000 	C:\WINDOWS\System32\msvcrt.dll
0x00007ff8757e0000 - 0x00007ff875886000 	C:\WINDOWS\System32\sechost.dll
0x00007ff876e60000 - 0x00007ff876f76000 	C:\WINDOWS\System32\RPCRT4.dll
0x00007ff877150000 - 0x00007ff877319000 	C:\WINDOWS\System32\USER32.dll
0x00007ff873c20000 - 0x00007ff873eb0000 	C:\WINDOWS\WinSxS\amd64_microsoft.windows.common-controls_6595b64144ccf1df_6.0.26100.3037_none_3e09262ce333c378\COMCTL32.dll
0x00007ff874c70000 - 0x00007ff874c97000 	C:\WINDOWS\System32\win32u.dll
0x00007ff877320000 - 0x00007ff87734a000 	C:\WINDOWS\System32\GDI32.dll
0x00007ff8754b0000 - 0x00007ff8755db000 	C:\WINDOWS\System32\gdi32full.dll
0x00007ff875400000 - 0x00007ff8754a3000 	C:\WINDOWS\System32\msvcp_win.dll
0x00007ff85e790000 - 0x00007ff85e79b000 	C:\WINDOWS\SYSTEM32\VERSION.dll
0x00007ff8757a0000 - 0x00007ff8757cf000 	C:\WINDOWS\System32\IMM32.DLL
0x00007ff870aa0000 - 0x00007ff870aac000 	C:\Program Files\Java\jdk-21\bin\vcruntime140_1.dll
0x00007ff848050000 - 0x00007ff8480de000 	C:\Program Files\Java\jdk-21\bin\msvcp140.dll
0x00007ffffd700000 - 0x00007ffffe41a000 	C:\Program Files\Java\jdk-21\bin\server\jvm.dll
0x00007ff8774c0000 - 0x00007ff877534000 	C:\WINDOWS\System32\WS2_32.dll
0x00007ff8749d0000 - 0x00007ff874a1e000 	C:\WINDOWS\SYSTEM32\POWRPROF.dll
0x00007ff868280000 - 0x00007ff8682b6000 	C:\WINDOWS\SYSTEM32\WINMM.dll
0x00007ff8749b0000 - 0x00007ff8749c4000 	C:\WINDOWS\SYSTEM32\UMPDC.dll
0x00007ff873000000 - 0x00007ff87301a000 	C:\WINDOWS\SYSTEM32\kernel.appcore.dll
0x00007ff8626f0000 - 0x00007ff8626fa000 	C:\Program Files\Java\jdk-21\bin\jimage.dll
0x00007ff874300000 - 0x00007ff874541000 	C:\WINDOWS\SYSTEM32\DBGHELP.DLL
0x00007ff8769e0000 - 0x00007ff876d5e000 	C:\WINDOWS\System32\combase.dll
0x00007ff8773e0000 - 0x00007ff8774b6000 	C:\WINDOWS\System32\OLEAUT32.dll
0x00007ff8741c0000 - 0x00007ff8741f9000 	C:\WINDOWS\SYSTEM32\dbgcore.DLL
0x00007ff874bd0000 - 0x00007ff874c69000 	C:\WINDOWS\System32\bcryptPrimitives.dll
0x00007ff857c40000 - 0x00007ff857c5f000 	C:\Program Files\Java\jdk-21\bin\java.dll
0x00007ff875c20000 - 0x00007ff876324000 	C:\WINDOWS\System32\SHELL32.dll
0x00007ff871db0000 - 0x00007ff8725e7000 	C:\WINDOWS\SYSTEM32\windows.storage.dll
0x00007ff876d70000 - 0x00007ff876e59000 	C:\WINDOWS\System32\SHCORE.dll
0x00007ff875b10000 - 0x00007ff875b6d000 	C:\WINDOWS\System32\shlwapi.dll
0x00007ff874a50000 - 0x00007ff874a7e000 	C:\WINDOWS\SYSTEM32\profapi.dll
0x00007ff847f70000 - 0x00007ff848047000 	C:\Program Files\Java\jdk-21\bin\jsvml.dll
0x00007ff8612b0000 - 0x00007ff8612c0000 	C:\Program Files\Java\jdk-21\bin\net.dll
0x00007ff862c10000 - 0x00007ff862d2e000 	C:\WINDOWS\SYSTEM32\WINHTTP.dll
0x00007ff8734b0000 - 0x00007ff87351a000 	C:\WINDOWS\system32\mswsock.dll
0x00007ff8543e0000 - 0x00007ff8543f6000 	C:\Program Files\Java\jdk-21\bin\nio.dll
0x00007ff8543c0000 - 0x00007ff8543d8000 	C:\Program Files\Java\jdk-21\bin\zip.dll
0x00007ff847f40000 - 0x00007ff847f64000 	C:\Program Files\maven\lib\jansi-native\Windows\x86_64\jansi.dll
0x00007ff857c30000 - 0x00007ff857c40000 	C:\Program Files\Java\jdk-21\bin\verify.dll

dbghelp: loaded successfully - version: 4.0.5 - missing functions: none
symbol engine: initialized successfully - sym options: 0x614 - pdb path: .;C:\Program Files\Java\jdk-21\bin;C:\WINDOWS\SYSTEM32;C:\WINDOWS\WinSxS\amd64_microsoft.windows.common-controls_6595b64144ccf1df_6.0.26100.3037_none_3e09262ce333c378;C:\Program Files\Java\jdk-21\bin\server;C:\Program Files\maven\lib\jansi-native\Windows\x86_64

VM Arguments:
jvm_args: -Dclassworlds.conf=C:\Program Files\maven\bin\m2.conf -Dmaven.home=C:\Program Files\maven -Dlibrary.jansi.path=C:\Program Files\maven\lib\jansi-native -Dmaven.multiModuleProjectDirectory=C:\Users\pc\Downloads\movie-management 
java_command: org.codehaus.plexus.classworlds.launcher.Launcher spring-boot:run
java_class_path (initial): C:\Program Files\maven\boot\plexus-classworlds-2.8.0.jar
Launcher Type: SUN_STANDARD

[Global flags]
     intx CICompilerCount                          = 3                                         {product} {ergonomic}
     uint ConcGCThreads                            = 1                                         {product} {ergonomic}
     uint G1ConcRefinementThreads                  = 4                                         {product} {ergonomic}
   size_t G1HeapRegionSize                         = 4194304                                   {product} {ergonomic}
    uintx GCDrainStackTargetSize                   = 64                                        {product} {ergonomic}
   size_t InitialHeapSize                          = 398458880                                 {product} {ergonomic}
   size_t MarkStackSize                            = 4194304                                   {product} {ergonomic}
   size_t MaxHeapSize                              = 6375342080                                {product} {ergonomic}
   size_t MaxNewSize                               = 3825205248                                {product} {ergonomic}
   size_t MinHeapDeltaBytes                        = 4194304                                   {product} {ergonomic}
   size_t MinHeapSize                              = 8388608                                   {product} {ergonomic}
    uintx NonNMethodCodeHeapSize                   = 5832780                                {pd product} {ergonomic}
    uintx NonProfiledCodeHeapSize                  = 122912730                              {pd product} {ergonomic}
    uintx ProfiledCodeHeapSize                     = 122912730                              {pd product} {ergonomic}
    uintx ReservedCodeCacheSize                    = 251658240                              {pd product} {ergonomic}
     bool SegmentedCodeCache                       = true                                      {product} {ergonomic}
   size_t SoftMaxHeapSize                          = 6375342080                             {manageable} {ergonomic}
     bool UseCompressedOops                        = true                           {product lp64_product} {ergonomic}
     bool UseG1GC                                  = true                                      {product} {ergonomic}
     bool UseLargePagesIndividualAllocation        = false                                  {pd product} {ergonomic}

Logging:
Log output configuration:
 #0: stdout all=warning uptime,level,tags foldmultilines=false
 #1: stderr all=off uptime,level,tags foldmultilines=false

Environment Variables:
JAVA_HOME=C:\Program Files\Java\jdk-21
PATH=C:\Program Files\Common Files\Oracle\Java\javapath;C:\Program Files (x86)\VMware\VMware Workstation\bin\;C:\Python313\Scripts\;C:\Python313\;C:\WINDOWS\system32;C:\WINDOWS;C:\WINDOWS\System32\Wbem;C:\WINDOWS\System32\WindowsPowerShell\v1.0\;C:\WINDOWS\System32\OpenSSH\;C:\Program Files\Git\cmd;C:\ProgramData\chocolatey\bin;C:\Program Files\nodejs\;C:\Program Files\Go\bin;C:\Program Files\maven\bin;C:\Program Files\Go;C:\Users\pc\go\bin;C:\Users\pc\AppData\Roaming\npm;C:\Users\pc\AppData\Local\JetBrains\Toolbox\scripts;C:\src\flutter\bin;C:\Users\pc\Downloads\Microsoft VS Code\bin;C:\Users\pc\AppData\Local\GitHubDesktop\bin;C:\Users\pc\Desktop\flutter_windows_3.29.3-stable\flutter;C:\Program Files\Go;C:\Users\pc\go\bin;C:\Users\pc\AppData\Roaming\npm;C:\Users\pc\AppData\Local\JetBrains\Toolbox\scripts;C:\src\flutter\bin;C:\Users\pc\Downloads\Microsoft VS Code\bin;C:\Program Files\Go\bin;C:\Users\pc\Desktop\flutter_windows_3.29.3-stable\flutter;C:\Users\pc\Desktop\maven\apache-maven-3.9.9;C:\Program Files\Java\jdk-21\bin
USERNAME=pc
OS=Windows_NT
PROCESSOR_IDENTIFIER=Intel64 Family 6 Model 140 Stepping 1, GenuineIntel
TMP=C:\Users\pc\AppData\Local\Temp
TEMP=C:\Users\pc\AppData\Local\Temp




Periodic native trim disabled

---------------  S Y S T E M  ---------------

OS:
 Windows 11 , 64 bit Build 26100 (10.0.26100.3037)
OS uptime: 0 days 0:07 hours
Hyper-V role detected

CPU: total 4 (initial active 4) (2 cores per cpu, 2 threads per core) family 6 model 140 stepping 1 microcode 0xac, cx8, cmov, fxsr, ht, mmx, 3dnowpref, sse, sse2, sse3, ssse3, sse4.1, sse4.2, popcnt, lzcnt, tsc, tscinvbit, avx, avx2, aes, erms, clmul, bmi1, bmi2, adx, avx512f, avx512dq, avx512cd, avx512bw, avx512vl, sha, fma, vzeroupper, avx512_vpopcntdq, avx512_vpclmulqdq, avx512_vaes, avx512_vnni, clflush, clflushopt, clwb, avx512_vbmi2, avx512_vbmi, hv, rdtscp, rdpid, fsrm, gfni, avx512_bitalg, f16c, cet_ibt, cet_ss, avx512_ifma
Processor Information for processor 0
  Max Mhz: 2995, Current Mhz: 2995, Mhz Limit: 2995
Processor Information for processor 1
  Max Mhz: 2995, Current Mhz: 2995, Mhz Limit: 2995
Processor Information for processor 2
  Max Mhz: 2995, Current Mhz: 1198, Mhz Limit: 2995
Processor Information for processor 3
  Max Mhz: 2995, Current Mhz: 1198, Mhz Limit: 2995

Memory: 4k page, system-wide physical 24316M (15821M free)
TotalPageFile size 25852M (AvailPageFile size 17479M)
current process WorkingSet (physical memory assigned to process): 290M, peak: 290M
current process commit charge ("private bytes"): 524M, peak: 524M

vm_info: Java HotSpot(TM) 64-Bit Server VM (21.0.6+8-LTS-188) for windows-amd64 JRE (21.0.6+8-LTS-188), built on 2024-12-03T10:50:54Z by "mach5one" with MS VC++ 17.6 (VS2022)

END.
